Hello Ponyworld 1!
Hello Ponyworld 2!
Hello Ponyworld 3!
Hello Ponyworld 4!
Hello Ponyworld 5!
